[10:29:28] Starting capture
[10:29:29] Launching SS-CAM...
[10:29:33] Window ready at 0s
[10:29:33] hwnd=68028 pid=14912
[10:29:34] --- Dashboard ---
[10:29:36] dashboard -> 
[10:29:36] --- Project Creator ---
[10:29:38] project-creator -> 
[10:29:38] --- Search & Copy ---
[10:29:40] search-copy -> 
[10:29:40] --- Waktu Solat ---
[10:29:42] waktu-solat -> 
[10:29:42] --- Settings ---
[10:29:43] settings -> 
[10:29:43] --- Navigation overview ---
[10:29:45] navigation -> 
[10:29:45] DONE
app-brand-assets.png 80KB
app-dashboard.png 69KB
app-installer-setup.png 46KB
app-navigation.png 6KB
app-profile-settings.png 81KB
app-project-creator.png 88KB
app-search-copy.png 81KB
app-waktu-solat.png 6KB
